<?xml version="1.0" encoding="UTF-8"?>
<testsuites name="jest tests" tests="57" failures="0" errors="0" time="8.642">
  <testsuite name="queue pipeline index" errors="0" failures="0" skipped="0" timestamp="2026-04-14T07:10:01" time="2.926" tests="6">
    <testcase classname="queue pipeline index addEventJob adds an ingest job to the queue with the provided data" name="queue pipeline index addEventJob adds an ingest job to the queue with the provided data" time="0.007">
    </testcase>
    <testcase classname="queue pipeline index addEventJob bubbles up errors if eventQueue.add rejects" name="queue pipeline index addEventJob bubbles up errors if eventQueue.add rejects" time="0.025">
    </testcase>
    <testcase classname="queue pipeline index createEventWorker creates a Worker bound to event-ingest with the given processor and shared connection" name="queue pipeline index createEventWorker creates a Worker bound to event-ingest with the given processor and shared connection" time="0.001">
    </testcase>
    <testcase classname="queue pipeline index createEventWorker passes the same Redis connection instance used by the queue" name="queue pipeline index createEventWorker passes the same Redis connection instance used by the queue" time="0">
    </testcase>
    <testcase classname="queue pipeline index createEventWorker returns distinct worker handles for multiple processors" name="queue pipeline index createEventWorker returns distinct worker handles for multiple processors" time="0">
    </testcase>
    <testcase classname="queue pipeline index closeQueueConnections closes workers, queue, and redis connection" name="queue pipeline index closeQueueConnections closes workers, queue, and redis connection" time="0.001">
    </testcase>
  </testsuite>
  <testsuite name="CancelMembershipUseCase" errors="0" failures="0" skipped="0" timestamp="2026-04-14T07:10:01" time="2.349" tests="3">
    <testcase classname="CancelMembershipUseCase should return success when membership is cancelled successfully" name="CancelMembershipUseCase should return success when membership is cancelled successfully" time="0.012">
    </testcase>
    <testcase classname="CancelMembershipUseCase should return error when membership cancellation fails with an Error object" name="CancelMembershipUseCase should return error when membership cancellation fails with an Error object" time="0.001">
    </testcase>
    <testcase classname="CancelMembershipUseCase should return default error message when membership cancellation fails with a non-Error object" name="CancelMembershipUseCase should return default error message when membership cancellation fails with a non-Error object" time="0">
    </testcase>
  </testsuite>
  <testsuite name="useCouncil hook" errors="0" failures="0" skipped="0" timestamp="2026-04-14T07:10:01" time="2.831" tests="4">
    <testcase classname="useCouncil hook should pass enabled: true when authenticated" name="useCouncil hook should pass enabled: true when authenticated" time="0.032">
    </testcase>
    <testcase classname="useCouncil hook should pass enabled: false when not authenticated" name="useCouncil hook should pass enabled: false when not authenticated" time="0.003">
    </testcase>
    <testcase classname="useCouncil hook should expose council, councilId, lgaCode from LGA context" name="useCouncil hook should expose council, councilId, lgaCode from LGA context" time="0.022">
    </testcase>
    <testcase classname="useCouncil hook should include the correct query key with city, postcode, and state" name="useCouncil hook should include the correct query key with city, postcode, and state" time="0.001">
    </testcase>
  </testsuite>
  <testsuite name="useRole hook" errors="0" failures="0" skipped="0" timestamp="2026-04-14T07:10:01" time="2.852" tests="11">
    <testcase classname="useRole hook should return default user role and false flags when not authenticated" name="useRole hook should return default user role and false flags when not authenticated" time="0.028">
    </testcase>
    <testcase classname="useRole hook should handle loading state" name="useRole hook should handle loading state" time="0.002">
    </testcase>
    <testcase classname="useRole hook should identify a regular authenticated user" name="useRole hook should identify a regular authenticated user" time="0.001">
    </testcase>
    <testcase classname="useRole hook should correctly identify rank &gt;= organizer" name="useRole hook should correctly identify rank &gt;= organizer" time="0.01">
    </testcase>
    <testcase classname="useRole hook should correctly identify rank &gt;= cityAdmin" name="useRole hook should correctly identify rank &gt;= cityAdmin" time="0.009">
    </testcase>
    <testcase classname="useRole hook should correctly identify rank &gt;= moderator" name="useRole hook should correctly identify rank &gt;= moderator" time="0.002">
    </testcase>
    <testcase classname="useRole hook should correctly identify rank &gt;= admin" name="useRole hook should correctly identify rank &gt;= admin" time="0.004">
    </testcase>
    <testcase classname="useRole hook hasRole should return true for exact role matches" name="useRole hook hasRole should return true for exact role matches" time="0.006">
    </testcase>
    <testcase classname="useRole hook hasRole should return false if not authenticated" name="useRole hook hasRole should return false if not authenticated" time="0.003">
    </testcase>
    <testcase classname="useRole hook hasMinRole should correctly compare ranks" name="useRole hook hasMinRole should correctly compare ranks" time="0.002">
    </testcase>
    <testcase classname="useRole hook hasMinRole should return false if not authenticated" name="useRole hook hasMinRole should return false if not authenticated" time="0.001">
    </testcase>
  </testsuite>
  <testsuite name="useMembershipUpgrade" errors="0" failures="0" skipped="0" timestamp="2026-04-14T07:10:01" time="3.163" tests="13">
    <testcase classname="useMembershipUpgrade Initial State should initialize with expected defaults" name="useMembershipUpgrade Initial State should initialize with expected defaults" time="0.015">
    </testcase>
    <testcase classname="useMembershipUpgrade Initial State should compute isPlus correctly when membership data exists" name="useMembershipUpgrade Initial State should compute isPlus correctly when membership data exists" time="0.002">
    </testcase>
    <testcase classname="useMembershipUpgrade Initial State should update billing period and pricing" name="useMembershipUpgrade Initial State should update billing period and pricing" time="0.009">
    </testcase>
    <testcase classname="useMembershipUpgrade Authentication requirements should require login for subscribe" name="useMembershipUpgrade Authentication requirements should require login for subscribe" time="0.006">
    </testcase>
    <testcase classname="useMembershipUpgrade Authentication requirements should silently return if executing cancel when not logged in" name="useMembershipUpgrade Authentication requirements should silently return if executing cancel when not logged in" time="0">
    </testcase>
    <testcase classname="useMembershipUpgrade executeSubscribe should handle dev_mode_success response" name="useMembershipUpgrade executeSubscribe should handle dev_mode_success response" time="0.002">
    </testcase>
    <testcase classname="useMembershipUpgrade executeSubscribe should handle already_active response" name="useMembershipUpgrade executeSubscribe should handle already_active response" time="0.001">
    </testcase>
    <testcase classname="useMembershipUpgrade executeSubscribe should handle error response" name="useMembershipUpgrade executeSubscribe should handle error response" time="0">
    </testcase>
    <testcase classname="useMembershipUpgrade executeSubscribe should handle thrown error" name="useMembershipUpgrade executeSubscribe should handle thrown error" time="0.002">
    </testcase>
    <testcase classname="useMembershipUpgrade executeSubscribe should handle checkout_required response and poll for updates" name="useMembershipUpgrade executeSubscribe should handle checkout_required response and poll for updates" time="0.01">
    </testcase>
    <testcase classname="useMembershipUpgrade executeCancel should display confirmation dialog and cancel membership" name="useMembershipUpgrade executeCancel should display confirmation dialog and cancel membership" time="0.003">
    </testcase>
    <testcase classname="useMembershipUpgrade executeCancel should handle cancel failure from use case" name="useMembershipUpgrade executeCancel should handle cancel failure from use case" time="0.003">
    </testcase>
    <testcase classname="useMembershipUpgrade executeCancel should handle thrown error during cancellation" name="useMembershipUpgrade executeCancel should handle thrown error during cancellation" time="0.001">
    </testcase>
  </testsuite>
  <testsuite name="OnboardingContext" errors="0" failures="0" skipped="0" timestamp="2026-04-14T07:10:01" time="3.431" tests="10">
    <testcase classname="OnboardingContext hydrates state from AsyncStorage on mount" name="OnboardingContext hydrates state from AsyncStorage on mount" time="0.068">
    </testcase>
    <testcase classname="OnboardingContext uses expected default state shape when no persisted data exists" name="OnboardingContext uses expected default state shape when no persisted data exists" time="0.064">
    </testcase>
    <testcase classname="OnboardingContext does not parse storage payload when getItem returns an empty string" name="OnboardingContext does not parse storage payload when getItem returns an empty string" time="0.066">
    </testcase>
    <testcase classname="OnboardingContext updates location and persists the new value" name="OnboardingContext updates location and persists the new value" time="0.056">
    </testcase>
    <testcase classname="OnboardingContext resets onboarding state and removes persisted storage" name="OnboardingContext resets onboarding state and removes persisted storage" time="0.052">
    </testcase>
    <testcase classname="OnboardingContext updates key profile fields via setters and onboarding completion toggles" name="OnboardingContext updates key profile fields via setters and onboarding completion toggles" time="0.054">
    </testcase>
    <testcase classname="OnboardingContext updates all location and identity setters with persisted state" name="OnboardingContext updates all location and identity setters with persisted state" time="0.059">
    </testcase>
    <testcase classname="OnboardingContext warns in dev when persistence fails" name="OnboardingContext warns in dev when persistence fails" time="0.059">
    </testcase>
    <testcase classname="OnboardingContext does not warn in production mode when persistence fails" name="OnboardingContext does not warn in production mode when persistence fails" time="0.057">
    </testcase>
    <testcase classname="OnboardingContext throws a helpful error when hook is used outside provider" name="OnboardingContext throws a helpful error when hook is used outside provider" time="0.042">
    </testcase>
  </testsuite>
  <testsuite name="OnboardingContext" errors="0" failures="0" skipped="0" timestamp="2026-04-14T07:10:01" time="3.479" tests="10">
    <testcase classname="OnboardingContext hydrates state from AsyncStorage on mount" name="OnboardingContext hydrates state from AsyncStorage on mount" time="0.068">
    </testcase>
    <testcase classname="OnboardingContext uses expected default state shape when no persisted data exists" name="OnboardingContext uses expected default state shape when no persisted data exists" time="0.061">
    </testcase>
    <testcase classname="OnboardingContext does not parse storage payload when getItem returns an empty string" name="OnboardingContext does not parse storage payload when getItem returns an empty string" time="0.065">
    </testcase>
    <testcase classname="OnboardingContext updates location and persists the new value" name="OnboardingContext updates location and persists the new value" time="0.059">
    </testcase>
    <testcase classname="OnboardingContext resets onboarding state and removes persisted storage" name="OnboardingContext resets onboarding state and removes persisted storage" time="0.056">
    </testcase>
    <testcase classname="OnboardingContext updates key profile fields via setters and onboarding completion toggles" name="OnboardingContext updates key profile fields via setters and onboarding completion toggles" time="0.053">
    </testcase>
    <testcase classname="OnboardingContext updates all location and identity setters with persisted state" name="OnboardingContext updates all location and identity setters with persisted state" time="0.056">
    </testcase>
    <testcase classname="OnboardingContext warns in dev when persistence fails" name="OnboardingContext warns in dev when persistence fails" time="0.061">
    </testcase>
    <testcase classname="OnboardingContext does not warn in production mode when persistence fails" name="OnboardingContext does not warn in production mode when persistence fails" time="0.057">
    </testcase>
    <testcase classname="OnboardingContext throws a helpful error when hook is used outside provider" name="OnboardingContext throws a helpful error when hook is used outside provider" time="0.06">
    </testcase>
  </testsuite>
</testsuites>